{
  "a1": [1 ],
  "a2": [1        ],
  "a3": [
      1      
  ],
  "o1": {v:1 },
  "o2": {v:1        },
  "o3": {
      "v":1      
  } 
           
}
